// Jest Snapshot v1, https://goo.gl/fbAQLP

exports[`should display the correct text 1`] = `
<h2
  className="MuiTypography-root-1 MuiTypography-title-7"
>
  This is a title
</h2>
`;
